--------------------------------------------------------------------------------------
Timing Analyzer Summary
--------------------------------------------------------------------------------------

Type           : Worst-case tsu
Slack          : N/A
Required Time  : None
Actual Time    : 13.700 ns
From           : pushButton2
To             : RegisterFile:inst4|8dffe:inst7|36
From Clock     : --
To Clock       : clk
Failed Paths   : 0

Type           : Worst-case tco
Slack          : N/A
Required Time  : None
Actual Time    : 122.200 ns
From           : OutputHelper:inst16|ssTemp[6]
To             : leftF
From Clock     : clk
To Clock       : --
Failed Paths   : 0

Type           : Worst-case tpd
Slack          : N/A
Required Time  : None
Actual Time    : 39.000 ns
From           : dips7
To             : dataToWrite[7]
From Clock     : --
To Clock       : --
Failed Paths   : 0

Type           : Worst-case th
Slack          : N/A
Required Time  : None
Actual Time    : -2.500 ns
From           : pushButton1
To             : RegisterFile:inst4|8dffe:inst7|36
From Clock     : --
To Clock       : clk
Failed Paths   : 0

Type           : Clock Setup: 'clk'
Slack          : N/A
Required Time  : None
Actual Time    : 5.41 MHz ( period = 184.800 ns )
From           : ALU:inst42|varOutput[3]
To             : RegisterFile:inst4|8dffe:inst7|36
From Clock     : clk
To Clock       : clk
Failed Paths   : 0

Type           : Clock Hold: 'clk'
Slack          : Not operational: Clock Skew > Data Delay
Required Time  : None
Actual Time    : N/A
From           : RegisterFile:inst4|8dffe:inst3|29
To             : OutputHelper:inst16|ssTemp[7]
From Clock     : clk
To Clock       : clk
Failed Paths   : 662

Type           : Total number of failed paths
Slack          : 
Required Time  : 
Actual Time    : 
From           : 
To             : 
From Clock     : 
To Clock       : 
Failed Paths   : 662

--------------------------------------------------------------------------------------

