--------------------------------------------------------------------------------------
Timing Analyzer Summary
--------------------------------------------------------------------------------------

Type           : Worst-case tco
Slack          : N/A
Required Time  : None
Actual Time    : 99.900 ns
From           : ALU:inst42|varOutput[4]
To             : zeroFlag
From Clock     : clk
To Clock       : --
Failed Paths   : 0

Type           : Clock Setup: 'clk'
Slack          : N/A
Required Time  : None
Actual Time    : 6.54 MHz ( period = 153.000 ns )
From           : ALU:inst42|varOutput[0]
To             : RegisterFile:inst4|8dffe:inst6|36
From Clock     : clk
To Clock       : clk
Failed Paths   : 0

Type           : Clock Hold: 'clk'
Slack          : Not operational: Clock Skew > Data Delay
Required Time  : None
Actual Time    : N/A
From           : RegisterFile:inst4|8dffe:inst3|30
To             : ALU:inst42|varOutput[6]
From Clock     : clk
To Clock       : clk
Failed Paths   : 512

Type           : Total number of failed paths
Slack          : 
Required Time  : 
Actual Time    : 
From           : 
To             : 
From Clock     : 
To Clock       : 
Failed Paths   : 512

--------------------------------------------------------------------------------------

